// Jest Snapshot v1, https://goo.gl/fbAQLP

exports[`BlockPage Component 1`] = `
<div>
  <div
    class="bg-gray-50 min-h-screen pb-10"
  >
    <header
      class="p-4 shadow-sm border-b border-gray-200 bg-white mb-4"
    >
      <div
        class="container mx-auto flex items-center "
      >
        <a
          href="/"
        >
          <svg
            class="cursor-pointer"
            height="36"
            width="36"
          >
            logo.svg
          </svg>
        </a>
        <search-component
          classname="flex-1 ml-4"
        />
      </div>
    </header>
    <div
      class="px-4"
    >
      <div
        class="container mx-auto"
      >
        <block-component />
      </div>
    </div>
  </div>
</div>
`;
