// Jest Snapshot v1, https://goo.gl/fbAQLP

exports[`IndexPage Component 1`] = `
<div>
  <div
    class="container mx-auto flex flex-col justify-center min-h-screen"
  >
    <div
      class="text-center mb-12"
    >
      <svg
        class="inline-block"
        height="104"
        width="90"
      >
        logo.svg
      </svg>
      <div
        class="text-2xl mt-4 leading-loose font-serif"
      >
        BlockChain Explorer
      </div>
    </div>
    <search-component />
  </div>
</div>
`;
