// Jest Snapshot v1, https://goo.gl/fbAQLP

exports[`test BlockHash Component with useBlock({ block: { hash: 'a3e2bcc9a5f776112497a32b05f4b9e5b2405ed9' } }) should render correct 1`] = `
<div>
  <div
    class="rounded shadow  py-6 bg-white mb-4"
  >
    <h3
      class="text-xl mb-4 px-6"
    >
      Block Hash
    </h3>
    <div
      class="px-6"
    >
      <div
        class="flex items-center"
      >
        <span
          class="text-sm mr-2 break-all"
          data-testid="BlockHash__span"
        >
          a3e2bcc9a5f776112497a32b05f4b9e5b2405ed9
        </span>
        <copy-button-component
          text="a3e2bcc9a5f776112497a32b05f4b9e5b2405ed9"
        />
      </div>
    </div>
  </div>
</div>
`;

exports[`test BlockHash Component with useBlock({ block: undefined }) should render correct 1`] = `<div />`;
