// Jest Snapshot v1, https://goo.gl/fbAQLP

exports[`Loading Component 1`] = `
<div>
  <div
    class="w-full py-20 text-center"
  >
    <svg
      class="animate-spin h-12 w-12 inline-block"
    >
      loading.svg
    </svg>
  </div>
</div>
`;
