// Jest Snapshot v1, https://goo.gl/fbAQLP

exports[`SearchButton Component 1`] = `
<div>
  <button
    class="px-4 hover:bg-black hover:text-white outline-none focus:outline-none"
  >
    <svg
      height="20"
      width="20"
    >
      search.svg
    </svg>
  </button>
</div>
`;
