// Jest Snapshot v1, https://goo.gl/fbAQLP

exports[`test queries blockQuery 1`] = `
"
query GetBlock_0 {
  block(hash: 0) {
    hash
    height
    size
    weight
    time
    bits
    fee
    reward
    nonce
    mrklRoot
    version
    transactionsCount
  }
}
"
`;

exports[`test queries transactionsQuery 1`] = `
"
query GetTransactions_0_1 {
  block(hash: 0) {
    transactions(page: 1) {
      hash
      time
      fee
      inputsCount
      inputsValueCount
      inputs {
        ... on TransactionInput {
          addr
          value
          spent
        }
        
        ... on CoinbaseInput {
          isCoinbaseInput
        }
      }
      outputsCount
      outputsValueCount
      outputs {
        ... on TransactionOutput {
          addr
          value
          spent
        }
        
        ... on OpReturnOutput {
          isOpReturnOutput
        }
      }
    }
  }
}
"
`;
